
> rites-sarthi@1.2.1 build
> vite build

[36mvite v7.3.1 [32mbuilding client environment for production...[36m[39m
transforming...
[32mΓ£ô[39m 174 modules transformed.
rendering chunks...
computing gzip size...
[2mdist/[22m[32mindex.html                 [39m[1m[2m  0.46 kB[22m[1m[22m[2m Γöé gzip:   0.32 kB[22m
[2mdist/[22m[35massets/index-ufHsKsm1.css  [39m[1m[2m 83.70 kB[22m[1m[22m[2m Γöé gzip:  15.59 kB[22m
[2mdist/[22m[36massets/index-COjLeBkE.js   [39m[1m[33m799.83 kB[39m[22m[2m Γöé gzip: 192.23 kB[22m
node.exe : [33m
At line:1 char:1
+ & "C:\Program Files\nodejs/node.exe" 
"C:\Users\verma\AppData\Roaming\ ...
+ ~~~~~~~~~~~~~~~~~~~~~~~~~~~~~~~~~~~~~~
~~~~~~~~~~~~~~~~~~~~~~~~~~~~~~~
    + CategoryInfo          : NotSpecif 
   ied: ([33m:String) [], RemoteExcep  
  tion
    + FullyQualifiedErrorId : NativeCom 
   mandError
 
(!) Some chunks are larger than 500 kB 
after minification. Consider:
- Using dynamic import() to code-split 
the application
- Use 
build.rollupOptions.output.manualChunks 
to improve chunking: https://rollupjs.or
g/configuration-options/#output-manualch
unks
- Adjust chunk size limit for this 
warning via 
build.chunkSizeWarningLimit.[39m
[32mΓ£ô built in 2.44s[39m
